javac.exe : src\library\Model\Reader.java:15: warning: [serial] non-transient instance field of a 
serializable class declared with a non-serializable type
At line:1 char:33
+ ... j\library'; & 'C:\Program Files\Java\jdk-24\bin\javac.exe' -Xlint:all ...
+                 ~~~~~~~~~~~~~~~~~~~~~~~~~~~~~~~~~~~~~~~~~~~~~~~~~~~~~~~~~
    + CategoryInfo          : NotSpecified: (src\library\Mod...rializable type:String) [], RemoteExce 
   ption
    + FullyQualifiedErrorId : NativeCommandError
 
    private List<Loan> loanHistory;
                       ^
src\library\Model\Reader.java:26: warning: [this-escape] possible 'this' escape before subclass is 
fully initialized
        activateCard();
                    ^
src\library\Model\Reader.java:39: warning: [this-escape] possible 'this' escape before subclass is 
fully initialized
        activateCard();
                    ^
src\library\Model\User.java:23: warning: [this-escape] possible 'this' escape before subclass is 
fully initialized
        setName(name);
               ^
src\library\Model\Librarian.java:6: warning: [serial] serializable class Librarian has no definition 
of serialVersionUID
public class Librarian extends User {
       ^
src\library\Model\Librarian.java:15: warning: [this-escape] possible 'this' escape before subclass is 
fully initialized
        setWorking();
                  ^
src\library\GUI\BookDialog.java:6: warning: [serial] serializable class BookDialog has no definition 
of serialVersionUID
public class BookDialog extends JDialog {
       ^
src\library\GUI\BookDialog.java:17: warning: [this-escape] possible 'this' escape before subclass is 
fully initialized
        initializeUI();
                    ^
src\library\GUI\BookDialog.java:21: warning: [this-escape] previous possible 'this' escape happens 
here via invocation
        setSize(400, 350);
               ^
src\library\GUI\BookPanel.java:11: warning: [serial] serializable class BookPanel has no definition 
of serialVersionUID
public class BookPanel extends JPanel {
       ^
src\library\GUI\BookPanel.java:16: warning: [serial] non-transient instance field of a serializable 
class declared with a non-serializable type
    private bookManager manager;
                        ^
src\library\GUI\BookPanel.java:19: warning: [this-escape] possible 'this' escape before subclass is 
fully initialized
        initializeUI();
                    ^
src\library\GUI\BookPanel.java:29: warning: [this-escape] previous possible 'this' escape happens 
here via invocation
        setLayout(new BorderLayout(10, 10));
                 ^
src\library\GUI\BookPanel.java:25: warning: [this-escape] possible 'this' escape before subclass is 
fully initialized
        initializeUI();
                    ^
src\library\GUI\BookPanel.java:29: warning: [this-escape] previous possible 'this' escape happens 
here via invocation
        setLayout(new BorderLayout(10, 10));
                 ^
src\library\GUI\LoanDialog.java:6: warning: [serial] serializable class LoanDialog has no definition 
of serialVersionUID
public class LoanDialog extends JDialog {
       ^
src\library\GUI\LoanDialog.java:16: warning: [this-escape] possible 'this' escape before subclass is 
fully initialized
        initializeUI();
                    ^
src\library\GUI\LoanDialog.java:20: warning: [this-escape] previous possible 'this' escape happens 
here via invocation
        setSize(400, 300);
               ^
src\library\GUI\LoanPanel.java:17: warning: [serial] serializable class LoanPanel has no definition 
of serialVersionUID
public class LoanPanel extends JPanel {
       ^
src\library\GUI\LoanPanel.java:25: warning: [serial] non-transient instance field of a serializable 
class declared with a non-serializable type
    private loanManager loanMgr;
                        ^
src\library\GUI\LoanPanel.java:26: warning: [serial] non-transient instance field of a serializable 
class declared with a non-serializable type
    private bookManager bookMgr;
                        ^
src\library\GUI\LoanPanel.java:27: warning: [serial] non-transient instance field of a serializable 
class declared with a non-serializable type
    private userManager userMgr;
                        ^
src\library\GUI\LoanPanel.java:28: warning: [serial] non-transient instance field of a serializable 
class declared with a non-serializable type
    private List<Loan> loans;
                       ^
src\library\GUI\LoanPanel.java:32: warning: [this-escape] possible 'this' escape before subclass is 
fully initialized
        initializeUI();
                    ^
src\library\GUI\LoanPanel.java:52: warning: [this-escape] previous possible 'this' escape happens 
here via invocation
        setLayout(new BorderLayout(10, 10));
                 ^
src\library\GUI\LoanPanel.java:41: warning: [this-escape] possible 'this' escape before subclass is 
fully initialized
        initializeUI();
                    ^
src\library\GUI\LoanPanel.java:52: warning: [this-escape] previous possible 'this' escape happens 
here via invocation
        setLayout(new BorderLayout(10, 10));
                 ^
src\library\GUI\LoginFrame.java:7: warning: [serial] serializable class LoginFrame has no definition 
of serialVersionUID
public class LoginFrame extends JFrame {
       ^
src\library\GUI\LoginFrame.java:16: warning: [this-escape] possible 'this' escape before subclass is 
fully initialized
        initializeUI();
                    ^
src\library\GUI\LoginFrame.java:20: warning: [this-escape] previous possible 'this' escape happens 
here via invocation
        setTitle("H? Th?ng Qu?n L² Th? Vi?n");
                ^
src\library\GUI\MainFrame.java:12: warning: [serial] serializable class MainFrame has no definition 
of serialVersionUID
public class MainFrame extends JFrame {
       ^
src\library\GUI\MainFrame.java:21: warning: [this-escape] possible 'this' escape before subclass is 
fully initialized
        initializeUI();
                    ^
src\library\GUI\MainFrame.java:25: warning: [this-escape] previous possible 'this' escape happens 
here via invocation
        setTitle("H? Th?ng Qu?n L² Th? Vi?n");
                ^
src\library\GUI\StatsPanel.java:13: warning: [serial] serializable class StatsPanel has no definition 
of serialVersionUID
public class StatsPanel extends JPanel {
       ^
src\library\GUI\StatsPanel.java:21: warning: [this-escape] possible 'this' escape before subclass is 
fully initialized
        initializeUI();
                    ^
src\library\GUI\StatsPanel.java:26: warning: [this-escape] previous possible 'this' escape happens 
here via invocation
        setLayout(new GridLayout(2, 2, 20, 20));
                 ^
src\library\GUI\ReaderDialog.java:6: warning: [serial] serializable class ReaderDialog has no 
definition of serialVersionUID
public class ReaderDialog extends JDialog {
       ^
src\library\GUI\ReaderDialog.java:18: warning: [this-escape] possible 'this' escape before subclass 
is fully initialized
        initializeUI();
                    ^
src\library\GUI\ReaderDialog.java:22: warning: [this-escape] previous possible 'this' escape happens 
here via invocation
        setSize(400, 400);
               ^
src\library\GUI\ReaderPanel.java:14: warning: [serial] serializable class ReaderPanel has no 
definition of serialVersionUID
public class ReaderPanel extends JPanel {
       ^
src\library\GUI\ReaderPanel.java:20: warning: [serial] non-transient instance field of a serializable 
class declared with a non-serializable type
    private List<Reader> readers;
                         ^
src\library\GUI\ReaderPanel.java:21: warning: [serial] non-transient instance field of a serializable 
class declared with a non-serializable type
    private userManager userMgr;
                        ^
src\library\GUI\ReaderPanel.java:27: warning: [this-escape] possible 'this' escape before subclass is 
fully initialized
        initializeUI();
                    ^
src\library\GUI\ReaderPanel.java:38: warning: [this-escape] previous possible 'this' escape happens 
here via invocation
        setLayout(new BorderLayout(10, 10));
                 ^
src\library\GUI\ReaderPanel.java:34: warning: [this-escape] possible 'this' escape before subclass is 
fully initialized
        initializeUI();
                    ^
src\library\GUI\ReaderPanel.java:38: warning: [this-escape] previous possible 'this' escape happens 
here via invocation
        setLayout(new BorderLayout(10, 10));
                 ^
46 warnings
